---
source: crates/wlang/src/parser.rs
description: "# Squat"
---
Workout
  SetGroup
    Exercise
      '#'
      Space(1)
      'Squat'

