---
source: crates/wlang/src/parser.rs
description: "#Bench Press\n5x 225"
---
Workout
  SetGroup
    '#'
    'Bench Press'
    Nl(1)
    Set
      Reps
        '5'
        'x'
      Space(1)
      Weight
        '225'

