---
source: crates/wlang/src/parser.rs
description: ""
---
Workout

