---
source: crates/wlang/src/parser.rs
description: "#Bench Press\n225 5x"
---
Workout
  SetGroup
    '#'
    'Bench Press'
    Nl(1)
    Set
      Weight
        '225'
      Space(1)
      Reps
        '5'
        'x'

