---
source: crates/wlang/src/parser.rs
description: "#Bench Press\nbw 1:30"
---
Workout
  SetGroup
    '#'
    'Bench Press'
    Nl(1)
    Set
      Weight
        'bw'
        Space(1)
      LongDuration
        '1'
        ':'
        '30'

