---
source: crates/wlang/src/parser.rs
description: "#Bench Press\nx5 225"
---
Workout
  SetGroup
    Exercise
      '#'
      'Bench Press'
    Nl(1)
    Set
      Reps
        'x'
        '5'
      Space(1)
      Weight
        '225'

