---
source: crates/wlang/src/parser.rs
description: "#Bench Press\nbw 30s"
---
Workout
  SetGroup
    '#'
    'Bench Press'
    Nl(1)
    Set
      Weight
        'bw'
        Space(1)
      SimpleDuration
        '30'
        's'

