---
source: crates/wlang/src/parser.rs
description: "#Planks\nbw 30m"
---
Workout
  SetGroup
    Exercise
      '#'
      'Planks'
    Nl(1)
    Set
      Weight
        'bw'
        Space(1)
      SimpleDuration
        '30'
        'm'

