---
source: crates/wlang/src/parser.rs
description: "#Planks\nbw 1:30:25"
---
Workout
  SetGroup
    '#'
    'Planks'
    Nl(1)
    Set
      Weight
        'bw'
      Space(1)
      LongDuration
        '1'
        ':'
        '30'
        ':'
        '25'

