---
source: crates/wlang/src/parser.rs
description: "#Bench Press\n1:30 bw"
---
Workout
  SetGroup
    '#'
    'Bench Press'
    Nl(1)
    Set
      LongDuration
        '1'
        ':'
        '30'
      Space(1)
      Weight
        'bw'

