---
source: crates/wlang/src/parser.rs
description: "#Pull-ups\nbw + 10 x10"
---
Workout
  SetGroup
    '#'
    'Pull-ups'
    Nl(1)
    Set
      Weight
        'bw'
        Space(1)
        '+'
        Space(1)
        '10'
      Space(1)
      Reps
        'x'
        '10'

