---
source: crates/wlang/src/parser.rs
description: "\n"
---
Workout
  Nl(1)

