---
source: crates/wlang/src/parser.rs
description: "\n# Bench Press\n225 x5"
---
Workout
  Nl(1)
  SetGroup
    Exercise
      '#'
      Space(1)
      'Bench Press'
    Nl(1)
    Set
      Weight
        '225'
        Space(1)
      Reps
        'x'
        '5'

