---
source: crates/wlang/src/parser.rs
description: "#Bench Press\n30s bw"
---
Workout
  SetGroup
    Exercise
      '#'
      'Bench Press'
    Nl(1)
    Set
      SimpleDuration
        '30'
        's'
      Space(1)
      Weight
        'bw'

