---
source: src/parser.rs
description: "#Planks\nbw 30s"
---
Workout
  SetGroup
    '#'
    'Planks'
    Nl(1)
    Set
      Weight
        'bw'
      Space(1)
      SimpleDuration
        '30'
        's'

