---
source: src/parser.rs
description: "#Bench Press\n225 x5"
---
Workout
  SetGroup
    '#'
    'Bench Press'
    Nl(1)
    Set
      Weight
        '225'
      Space(1)
      Reps
        'x'
        '5'

